Microchip MPLAB XC8 Compiler V1.45 ()

Linker command line:

-W-3 --edf=C:\Program Files (x86)\Microchip\xc8\v1.45\dat\en_msgs.txt -cs \
  -h+dist/default/production\Veloplaco.X.production.sym \
  --cmf=dist/default/production\Veloplaco.X.production.cmf -z -Q18F2550 \
  -oC:\Users\Ianick\AppData\Local\Temp\s1epg.2 \
  -Mdist/default/production/Veloplaco.X.production.map -E1 -ver=XC8 \
  -ASTACK=09Fh-07ffh -pstack=STACK -ACODE=00h-07FFFh -ACONST=00h-07FFFh \
  -ASMALLCONST=0800h-08FFhx120 -AMEDIUMCONST=0800h-07FFFh -ACOMRAM=01h-05Fh \
  -AABS1=00h-07FFh -ABIGRAM=01h-07FFh -ARAM=060h-0FFh,0100h-01FFhx7 \
  -ABANK0=060h-0FFh -ABANK1=0100h-01FFh -ABANK2=0200h-02FFh \
  -ABANK3=0300h-03FFh -ABANK4=0400h-04FFh -ABANK5=0500h-05FFh \
  -ABANK6=0600h-06FFh -ABANK7=0700h-07FFh -ASFR=0F60h-0FFFh \
  -preset_vec=00h,intcode=08h,intcodelo,powerup,init -pramtop=0800h \
  -psmallconst=SMALLCONST -pmediumconst=MEDIUMCONST -pconst=CONST \
  -AFARRAM=00h-00h -ACONFIG=0300000h-030000Dh -pconfig=CONFIG \
  -AIDLOC=0200000h-0200007h -pidloc=IDLOC -AEEDATA=0F00000h-0F000FFh \
  -peeprom_data=EEDATA \
  -prdata=COMRAM,nvrram=COMRAM,nvbit=COMRAM,rbss=COMRAM,rbit=COMRAM \
  -pfarbss=FARRAM,fardata=FARRAM,nvFARRAM=FARRAM \
  -pintsave_regs=BIGRAM,bigbss=BIGRAM,bigdata=BIGRAM -pbss=RAM \
  -pidata=CODE,irdata=CODE,ibigdata=CODE,ifardata=CODE -prparam=COMRAM \
  C:\Users\Ianick\AppData\Local\Temp\s1epg.obj \
  dist/default/production\Veloplaco.X.production.obj 

Object code version is 3.11

Machine type is 18F2550

Call graph: (short form)




                Name                               Link     Load   Length Selector   Space Scale
C:\Users\Ianick\AppData\Local\Temp\s1epg.obj
                init                                  E        E        4        4       0
                reset_vec                             0        0        4        0       0
                idloc                            200000   200000        8   200000       0
                config                           300000   300000        E   300000       0
dist/default/production\Veloplaco.X.production.obj
                intcode                               8        8        6        4       0
                temp                                 4D       4D        1        1       1
                smallconst                          800      800        8      400       0
                text26                             1592     1592        2      404       0
                text25                             1486     1486       30      404       0
                intcode_body                       1134     1134       9E      404       0
                text23                             1532     1532       14      404       0
                text22                             158C     158C        6      404       0
                text21                             1450     1450       36      404       0
                text20                             1582     1582        A      404       0
                text19                             1546     1546       12      404       0
                text18                             1086     1086       AE      404       0
                text17                             1418     1418       38      404       0
                text16                              A1E      A1E      1AE      404       0
                text15                              F92      F92       F4      404       0
                text14                              E9A      E9A       F8      404       0
                text13                             12F0     12F0       82      404       0
                text12                             13C6     13C6       52      404       0
                text11                             14DC     14DC       26      404       0
                text10                             1372     1372       54      404       0
                text9                               D3C      D3C      15E      404       0
                text8                               808      808      216      404       0
                text7                              1574     1574        E      404       0
                text6                              1566     1566        E      404       0
                text5                              1558     1558        E      404       0
                text4                              151C     151C       16      404       0
                text3                              126C     126C       84      404       0
                text2                               BCC      BCC      170      404       0
                text1                              11D2     11D2       9A      404       0
                text0                              1502     1502       1A      404       0
                cstackCOMRAM                          1        1       3B        1       1
                cstackBANK0                          60       60       2F       60       1
                bssBANK0                             8F       8F       10       60       1
                bssCOMRAM                            3C       3C       11        1       1
                cinit                              14B6     14B6       26      404       0

TOTAL           Name                               Link     Load   Length     Space
        CLASS   STACK          

        CLASS   CODE           
                intcode                               8        8        6         0
                init                                  E        E        4         0
                reset_vec                             0        0        4         0
                text26                             1592     1592        2         0
                text25                             1486     1486       30         0
                intcode_body                       1134     1134       9E         0
                text23                             1532     1532       14         0
                text22                             158C     158C        6         0
                text21                             1450     1450       36         0
                text20                             1582     1582        A         0
                text19                             1546     1546       12         0
                text18                             1086     1086       AE         0
                text17                             1418     1418       38         0
                text16                              A1E      A1E      1AE         0
                text15                              F92      F92       F4         0
                text14                              E9A      E9A       F8         0
                text13                             12F0     12F0       82         0
                text12                             13C6     13C6       52         0
                text11                             14DC     14DC       26         0
                text10                             1372     1372       54         0
                text9                               D3C      D3C      15E         0
                text8                               808      808      216         0
                text7                              1574     1574        E         0
                text6                              1566     1566        E         0
                text5                              1558     1558        E         0
                text4                              151C     151C       16         0
                text3                              126C     126C       84         0
                text2                               BCC      BCC      170         0
                text1                              11D2     11D2       9A         0
                text0                              1502     1502       1A         0
                cinit                              14B6     14B6       26         0

        CLASS   CONST          

        CLASS   SMALLCONST     
                smallconst                          800      800        8         0

        CLASS   MEDIUMCONST    

        CLASS   COMRAM         
                temp                                 4D       4D        1         1
                cstackCOMRAM                          1        1       3B         1
                bssCOMRAM                            3C       3C       11         1

        CLASS   ABS1           

        CLASS   BIGRAM         

        CLASS   RAM            

        CLASS   BANK0          
                cstackBANK0                          60       60       2F         1
                bssBANK0                             8F       8F       10         1

        CLASS   BANK1          

        CLASS   BANK2          

        CLASS   BANK3          

        CLASS   BANK4          

        CLASS   BANK5          

        CLASS   BANK6          

        CLASS   BANK7          

        CLASS   SFR            

        CLASS   FARRAM         

        CLASS   CONFIG         
                config                           300000   300000        E         0

        CLASS   IDLOC          
                idloc                            200000   200000        8         0

        CLASS   EEDATA         



SEGMENTS        Name                           Load    Length   Top    Selector   Space  Class

                reset_vec                      000000  000004  000004         0       0  CODE    
                cstackCOMRAM                   000001  00004D  00004E         1       1  COMRAM  
                intcode                        000008  00000A  000012         4       0  CODE    
                cstackBANK0                    000060  00003F  00009F        60       1  BANK0   
                smallconst                     000800  000008  000808       400       0  SMALLCON
                text8                          000808  000D8C  001594       404       0  CODE    
                idloc                          200000  000008  200008    200000       0  IDLOC   
                config                         300000  00000E  30000E    300000       0  CONFIG  


UNUSED ADDRESS RANGES

        Name                Unused          Largest block    Delta
        BANK0            00009F-0000FF               61
        BANK1            000100-0001FF              100
        BANK2            000200-0002FF              100
        BANK3            000300-0003FF              100
        BANK4            000400-0004FF              100
        BANK5            000500-0005FF              100
        BANK6            000600-0006FF              100
        BANK7            000700-0007FF              100
        BIGRAM           00004E-00005F               12
                         00009F-0007FF              761
        CODE             000004-000007                4
                         000012-0007FF              7EE
                         001594-007FFF             6A6C
        COMRAM           00004E-00005F               12
        CONST            000004-000007                4
                         000012-0007FF              7EE
                         001594-007FFF             6A6C
        EEDATA           F00000-F000FF              100
        MEDIUMCONST      001594-007FFF             6A6C
        RAM              00009F-0007FF              100
        SFR              000F60-000FFF               A0
        SMALLCONST       001594-007FFF              100
        STACK            00009F-0007FF              761

                                  Symbol Table

?___awdiv                cstackCOMRAM 000013
?___awtoft               cstackCOMRAM 00001B
?___ftadd                cstackBANK0  000066
?___ftmul                cstackCOMRAM 00001F
?___ftpack               cstackCOMRAM 000013
?___fttol                cstackCOMRAM 00002E
?___lldiv                cstackCOMRAM 000013
?___lwdiv                cstackCOMRAM 000013
?___wmul                 cstackCOMRAM 00001A
?_calcPID                cstackBANK0  00006F
?_getCNY                 cstackCOMRAM 000013
_ADCON0bits              (abs)        000FC2
_ADCON1                  (abs)        000FC1
_ADCON2                  (abs)        000FC0
_ADRESH                  (abs)        000FC4
_ADRESL                  (abs)        000FC3
_CCP1CONbits             (abs)        000FBD
_CCP2CONbits             (abs)        000FBA
_CCPR1L                  (abs)        000FBE
_CCPR2L                  (abs)        000FBB
_INTCONbits              (abs)        000FF2
_ISR                     intcode      000008
_LATBbits                (abs)        000F8A
_LATCbits                (abs)        000F8B
_PORTBbits               (abs)        000F81
_PR2                     (abs)        000FCB
_T0CON                   (abs)        000FD5
_T2CON                   (abs)        000FCA
_TRISAbits               (abs)        000F92
_TRISBbits               (abs)        000F93
_TRISCbits               (abs)        000F94
__CFG_BOR$OFF            (abs)        000000
__CFG_BORV$0             (abs)        000000
__CFG_CCP2MX$ON          (abs)        000000
__CFG_CP0$OFF            (abs)        000000
__CFG_CP1$OFF            (abs)        000000
__CFG_CP2$OFF            (abs)        000000
__CFG_CP3$OFF            (abs)        000000
__CFG_CPB$OFF            (abs)        000000
__CFG_CPD$OFF            (abs)        000000
__CFG_CPUDIV$OSC1_PLL2   (abs)        000000
__CFG_EBTR0$OFF          (abs)        000000
__CFG_EBTR1$OFF          (abs)        000000
__CFG_EBTR2$OFF          (abs)        000000
__CFG_EBTR3$OFF          (abs)        000000
__CFG_EBTRB$OFF          (abs)        000000
__CFG_FCMEN$OFF          (abs)        000000
__CFG_FOSC$HSPLL_HS      (abs)        000000
__CFG_IESO$OFF           (abs)        000000
__CFG_LPT1OSC$OFF        (abs)        000000
__CFG_LVP$OFF            (abs)        000000
__CFG_MCLRE$OFF          (abs)        000000
__CFG_PBADEN$ON          (abs)        000000
__CFG_PLLDIV$5           (abs)        000000
__CFG_PWRT$OFF           (abs)        000000
__CFG_STVREN$OFF         (abs)        000000
__CFG_USBDIV$2           (abs)        000000
__CFG_VREGEN$OFF         (abs)        000000
__CFG_WDT$OFF            (abs)        000000
__CFG_WDTPS$1            (abs)        000000
__CFG_WRT0$OFF           (abs)        000000
__CFG_WRT1$OFF           (abs)        000000
__CFG_WRT2$OFF           (abs)        000000
__CFG_WRT3$OFF           (abs)        000000
__CFG_WRTB$OFF           (abs)        000000
__CFG_WRTC$OFF           (abs)        000000
__CFG_WRTD$OFF           (abs)        000000
__CFG_XINST$OFF          (abs)        000000
__HRAM                   (abs)        000000
__Habs1                  abs1         000000
__Hbank0                 bank0        000000
__Hbank1                 bank1        000000
__Hbank2                 bank2        000000
__Hbank3                 bank3        000000
__Hbank4                 bank4        000000
__Hbank5                 bank5        000000
__Hbank6                 bank6        000000
__Hbank7                 bank7        000000
__Hbigbss                bigbss       000000
__Hbigdata               bigdata      000000
__Hbigram                bigram       000000
__Hbss                   bss          000000
__HbssBANK0              bssBANK0     000000
__HbssCOMRAM             bssCOMRAM    000000
__Hcinit                 cinit        000000
__Hclrtext               clrtext      000000
__Hcomram                comram       000000
__Hconfig                config       30000E
__Hconst                 const        000000
__HcstackBANK0           cstackBANK0  000000
__HcstackCOMRAM          cstackCOMRAM 000000
__Hdata                  data         000000
__Heeprom_data           eeprom_data  000000
__Hfarbss                farbss       000000
__Hfardata               fardata      000000
__Hibigdata              ibigdata     000000
__Hidata                 idata        000000
__Hidloc                 idloc        200008
__Hifardata              ifardata     000000
__Hinit                  init         000012
__Hintcode               intcode      00000E
__Hintcode_body          intcode_body 000000
__Hintcodelo             intcodelo    00000E
__Hintentry              intentry     000000
__Hintret                intret       000000
__Hintsave_regs          intsave_regs 000000
__Hirdata                irdata       000000
__Hmediumconst           mediumconst  000000
__HnvFARRAM              nvFARRAM     000000
__Hnvbit                 nvbit        000000
__Hnvrram                nvrram       000000
__Hparam                 rparam       000000
__Hpowerup               powerup      00000E
__Hram                   ram          000000
__Hramtop                ramtop       000800
__Hrbit                  rbit         000000
__Hrbss                  rbss         000000
__Hrdata                 rdata        000000
__Hreset_vec             reset_vec    000004
__Hrparam                rparam       000000
__Hsfr                   sfr          000000
__Hsmallconst            smallconst   000808
__Hspace_0               (abs)        30000E
__Hspace_1               (abs)        00009F
__Hspace_2               (abs)        000000
__Hstack                 stack        000000
__Hstruct                struct       000000
__Htemp                  temp         00004E
__Htext                  text         000000
__Htext0                 text0        000000
__Htext1                 text1        000000
__Htext10                text10       000000
__Htext11                text11       000000
__Htext12                text12       000000
__Htext13                text13       000000
__Htext14                text14       000000
__Htext15                text15       000000
__Htext16                text16       000000
__Htext17                text17       000000
__Htext18                text18       000000
__Htext19                text19       000000
__Htext2                 text2        000000
__Htext20                text20       000000
__Htext21                text21       000000
__Htext22                text22       000000
__Htext23                text23       000000
__Htext25                text25       000000
__Htext26                text26       000000
__Htext3                 text3        000000
__Htext4                 text4        000000
__Htext5                 text5        000000
__Htext6                 text6        000000
__Htext7                 text7        000000
__Htext8                 text8        000000
__Htext9                 text9        000000
__LRAM                   (abs)        000001
__Labs1                  abs1         000000
__Lbank0                 bank0        000000
__Lbank1                 bank1        000000
__Lbank2                 bank2        000000
__Lbank3                 bank3        000000
__Lbank4                 bank4        000000
__Lbank5                 bank5        000000
__Lbank6                 bank6        000000
__Lbank7                 bank7        000000
__Lbigbss                bigbss       000000
__Lbigdata               bigdata      000000
__Lbigram                bigram       000000
__Lbss                   bss          000000
__LbssBANK0              bssBANK0     000000
__LbssCOMRAM             bssCOMRAM    000000
__Lcinit                 cinit        000000
__Lclrtext               clrtext      000000
__Lcomram                comram       000000
__Lconfig                config       300000
__Lconst                 const        000000
__LcstackBANK0           cstackBANK0  000000
__LcstackCOMRAM          cstackCOMRAM 000000
__Ldata                  data         000000
__Leeprom_data           eeprom_data  000000
__Lfarbss                farbss       000000
__Lfardata               fardata      000000
__Libigdata              ibigdata     000000
__Lidata                 idata        000000
__Lidloc                 idloc        200000
__Lifardata              ifardata     000000
__Linit                  init         00000E
__Lintcode               intcode      000008
__Lintcode_body          intcode_body 000000
__Lintcodelo             intcodelo    00000E
__Lintentry              intentry     000000
__Lintret                intret       000000
__Lintsave_regs          intsave_regs 000000
__Lirdata                irdata       000000
__Lmediumconst           mediumconst  000000
__LnvFARRAM              nvFARRAM     000000
__Lnvbit                 nvbit        000000
__Lnvrram                nvrram       000000
__Lparam                 rparam       000000
__Lpowerup               powerup      00000E
__Lram                   ram          000000
__Lramtop                ramtop       000800
__Lrbit                  rbit         000000
__Lrbss                  rbss         000000
__Lrdata                 rdata        000000
__Lreset_vec             reset_vec    000000
__Lrparam                rparam       000000
__Lsfr                   sfr          000000
__Lsmallconst            smallconst   000800
__Lspace_0               (abs)        000000
__Lspace_1               (abs)        000000
__Lspace_2               (abs)        000000
__Lstack                 stack        000000
__Lstruct                struct       000000
__Ltemp                  temp         00004D
__Ltext                  text         000000
__Ltext0                 text0        000000
__Ltext1                 text1        000000
__Ltext10                text10       000000
__Ltext11                text11       000000
__Ltext12                text12       000000
__Ltext13                text13       000000
__Ltext14                text14       000000
__Ltext15                text15       000000
__Ltext16                text16       000000
__Ltext17                text17       000000
__Ltext18                text18       000000
__Ltext19                text19       000000
__Ltext2                 text2        000000
__Ltext20                text20       000000
__Ltext21                text21       000000
__Ltext22                text22       000000
__Ltext23                text23       000000
__Ltext25                text25       000000
__Ltext26                text26       000000
__Ltext3                 text3        000000
__Ltext4                 text4        000000
__Ltext5                 text5        000000
__Ltext6                 text6        000000
__Ltext7                 text7        000000
__Ltext8                 text8        000000
__Ltext9                 text9        000000
__S0                     (abs)        30000E
__S1                     (abs)        00009F
__S2                     (abs)        000000
___awdiv                 text3        00126C
___awdiv@counter         cstackCOMRAM 000017
___awdiv@dividend        cstackCOMRAM 000013
___awdiv@divisor         cstackCOMRAM 000015
___awdiv@quotient        cstackCOMRAM 000019
___awdiv@sign            cstackCOMRAM 000018
___awtoft                text17       001418
___awtoft@c              cstackCOMRAM 00001B
___awtoft@sign           cstackCOMRAM 00001E
___ftadd                 text16       000A1E
___ftadd@exp1            cstackBANK0  00006E
___ftadd@exp2            cstackBANK0  00006D
___ftadd@f1              cstackBANK0  000066
___ftadd@f2              cstackBANK0  000069
___ftadd@sign            cstackBANK0  00006C
___ftmul                 text15       000F92
___ftmul@cntr            cstackCOMRAM 00002C
___ftmul@exp             cstackCOMRAM 000028
___ftmul@f1              cstackCOMRAM 00001F
___ftmul@f2              cstackCOMRAM 000022
___ftmul@f3_as_product   cstackCOMRAM 000029
___ftmul@sign            cstackCOMRAM 00002D
___ftpack                text18       001086
___ftpack@arg            cstackCOMRAM 000013
___ftpack@exp            cstackCOMRAM 000016
___ftpack@sign           cstackCOMRAM 000017
___fttol                 text14       000E9A
___fttol@exp1            cstackBANK0  000065
___fttol@f1              cstackCOMRAM 00002E
___fttol@lval            cstackBANK0  000061
___fttol@sign1           cstackBANK0  000060
___inthi_sp              stack        000000
___intlo_sp              stack        000000
___lldiv                 text13       0012F0
___lldiv@counter         cstackCOMRAM 00001F
___lldiv@dividend        cstackCOMRAM 000013
___lldiv@divisor         cstackCOMRAM 000017
___lldiv@quotient        cstackCOMRAM 00001B
___lwdiv                 text12       0013C6
___lwdiv@counter         cstackCOMRAM 000017
___lwdiv@dividend        cstackCOMRAM 000013
___lwdiv@divisor         cstackCOMRAM 000015
___lwdiv@quotient        cstackCOMRAM 000018
___param_bank            (abs)        000000
___rparam_used           (abs)        000001
___sp                    stack        000000
___wmul                  text11       0014DC
___wmul@multiplicand     cstackCOMRAM 00001C
___wmul@multiplier       cstackCOMRAM 00001A
___wmul@product          cstackCOMRAM 00001E
__accesstop              (abs)        000060
__activetblptr           (abs)        000002
__end_of_ISR             intcode_body 0011D2
__end_of___awdiv         text3        0012F0
__end_of___awtoft        text17       001450
__end_of___ftadd         text16       000BCC
__end_of___ftmul         text15       001086
__end_of___ftpack        text18       001134
__end_of___fttol         text14       000F92
__end_of___lldiv         text13       001372
__end_of___lwdiv         text12       001418
__end_of___wmul          text11       001502
__end_of__initialization cinit        0014CE
__end_of_calcPID         text8        000A1E
__end_of_channels        smallconst   000806
__end_of_cnyInterrupt    text26       001594
__end_of_getCNY          text10       0013C6
__end_of_getCalCNY       text9        000E9A
__end_of_initCNY         text23       001546
__end_of_initInterrupts  text22       001592
__end_of_initMotors      text21       001486
__end_of_initTimer       text20       00158C
__end_of_initUI          text19       001558
__end_of_loop            text1        00126C
__end_of_main            text0        00151C
__end_of_setLEDG         text7        001582
__end_of_setLEDR         text6        001574
__end_of_setLEDY         text5        001566
__end_of_setLEDs         text4        001532
__end_of_setMotors       text2        000D3C
__end_of_timerInterrupt  text25       0014B6
__initialization         cinit        0014B6
__mediumconst            mediumconst  000000
__pbssBANK0              bssBANK0     00008F
__pbssCOMRAM             bssCOMRAM    00003C
__pcinit                 cinit        0014B6
__pcstackBANK0           cstackBANK0  000060
__pcstackCOMRAM          cstackCOMRAM 000001
__pintcode               intcode      000008
__pintcode_body          intcode_body 001134
__psmallconst            smallconst   000800
__ptext0                 text0        001502
__ptext1                 text1        0011D2
__ptext10                text10       001372
__ptext11                text11       0014DC
__ptext12                text12       0013C6
__ptext13                text13       0012F0
__ptext14                text14       000E9A
__ptext15                text15       000F92
__ptext16                text16       000A1E
__ptext17                text17       001418
__ptext18                text18       001086
__ptext19                text19       001546
__ptext2                 text2        000BCC
__ptext20                text20       001582
__ptext21                text21       001450
__ptext22                text22       00158C
__ptext23                text23       001532
__ptext25                text25       001486
__ptext26                text26       001592
__ptext3                 text3        00126C
__ptext4                 text4        00151C
__ptext5                 text5        001558
__ptext6                 text6        001566
__ptext7                 text7        001574
__ptext8                 text8        000808
__ptext9                 text9        000D3C
__ramtop                 ramtop       000800
__size_of_ISR            (abs)        000000
__size_of___awdiv        (abs)        000000
__size_of___awtoft       (abs)        000000
__size_of___ftadd        (abs)        000000
__size_of___ftmul        (abs)        000000
__size_of___ftpack       (abs)        000000
__size_of___fttol        (abs)        000000
__size_of___lldiv        (abs)        000000
__size_of___lwdiv        (abs)        000000
__size_of___wmul         (abs)        000000
__size_of_calcPID        (abs)        000000
__size_of_cnyInterrupt   (abs)        000000
__size_of_getCNY         (abs)        000000
__size_of_getCalCNY      (abs)        000000
__size_of_initCNY        (abs)        000000
__size_of_initInterrupts (abs)        000000
__size_of_initMotors     (abs)        000000
__size_of_initTimer      (abs)        000000
__size_of_initUI         (abs)        000000
__size_of_loop           (abs)        000000
__size_of_main           (abs)        000000
__size_of_setLEDG        (abs)        000000
__size_of_setLEDR        (abs)        000000
__size_of_setLEDY        (abs)        000000
__size_of_setLEDs        (abs)        000000
__size_of_setMotors      (abs)        000000
__size_of_timerInterrupt (abs)        000000
__smallconst             smallconst   000800
_calcPID                 text8        000808
_calcPID$1220            cstackBANK0  00007D
_calcPID$1221            cstackBANK0  00007F
_calcPID$1222            cstackBANK0  000078
_channels                smallconst   000801
_cnyInterrupt            text26       001592
_fractionCounter         bssCOMRAM    00004A
_getCNY                  text10       001372
_getCalCNY               text9        000D3C
_getCalCNY$639           cstackCOMRAM 000028
_getCalCNY$640           cstackCOMRAM 00002A
_initCNY                 text23       001532
_initInterrupts          text22       00158C
_initMotors              text21       001450
_initTimer               text20       001582
_initUI                  text19       001546
_loop                    text1        0011D2
_main                    text0        001502
_maxs                    bssBANK0     00008F
_millisCounter           bssCOMRAM    000046
_mins                    bssCOMRAM    00003C
_setLEDG                 text7        001574
_setLEDR                 text6        001566
_setLEDY                 text5        001558
_setLEDs                 text4        00151C
_setMotors               text2        000BCC
_timerInterrupt          text25       001486
btemp                    temp         00004D
calcPID@Kd               cstackBANK0  000075
calcPID@Ki               cstackBANK0  000072
calcPID@Kp               cstackBANK0  00006F
calcPID@err              bssBANK0     000099
calcPID@i                cstackBANK0  00008B
calcPID@integral         bssBANK0     00009B
calcPID@pos              cstackBANK0  00007B
calcPID@prevErr          bssBANK0     00009D
calcPID@s1               cstackBANK0  000081
calcPID@s2               cstackBANK0  000085
calcPID@val              cstackBANK0  000089
end_of_initialization    cinit        0014CE
getCNY@channel           cstackCOMRAM 000017
getCalCNY@channel        cstackCOMRAM 000020
getCalCNY@val            cstackCOMRAM 00002C
int$flags                temp         00004D
int_func                 intcode_body 001134
intlevel0                text         000000
intlevel1                text         000000
intlevel2                text         000000
intlevel3                text         000000
loop@pid                 cstackBANK0  00008D
loop@status              bssCOMRAM    00004C
setLEDG@v                cstackCOMRAM 000013
setLEDR@v                cstackCOMRAM 000013
setLEDY@v                cstackCOMRAM 000013
setLEDs@g                cstackCOMRAM 000015
setLEDs@r                cstackCOMRAM 000016
setLEDs@y                cstackCOMRAM 000014
setMotors@left           cstackCOMRAM 00001B
setMotors@right          cstackCOMRAM 00001D
stackhi                  (abs)        0007FF
stacklo                  (abs)        00009F
start                    init         00000E
start_initialization     cinit        0014B6
wtemp6                   temp         00004E


FUNCTION INFORMATION:

 *************** function _main *****************
 Defined at:
		line 54 in file "main.c"
 Parameters:    Size  Location     Type
		None
 Auto vars:     Size  Location     Type
		None
 Return value:  Size  Location     Type
                  1    wreg      void 
 Registers used:
		wreg, fsr2l, fsr2h, status,2, status,0, tblptrl, tblptrh, tblptru, prodl, prodh, cstack
 Tracked objects:
		On entry : 
		On exit  : 
		Unchanged: 
 Data sizes:     COMRAM   BANK0   BANK1   BANK2   BANK3   BANK4   BANK5   BANK6   BANK7
      Params:         0       0       0       0       0       0       0       0       0
      Locals:         0       0       0       0       0       0       0       0       0
      Temps:          0       0       0       0       0       0       0       0       0
      Totals:         0       0       0       0       0       0       0       0       0
Total ram usage:        0 bytes
 Hardware stack levels required when called:    6
 This function calls:
		_initCNY
		_initInterrupts
		_initMotors
		_initTimer
		_initUI
		_loop
 This function is called by:
		Startup code after reset
 This function uses a non-reentrant model


 *************** function _loop *****************
 Defined at:
		line 30 in file "main.c"
 Parameters:    Size  Location     Type
		None
 Auto vars:     Size  Location     Type
  pid             2   45[BANK0 ] int 
 Return value:  Size  Location     Type
                  1    wreg      void 
 Registers used:
		wreg, fsr2l, fsr2h, status,2, status,0, tblptrl, tblptrh, tblptru, prodl, prodh, cstack
 Tracked objects:
		On entry : 
		On exit  : 
		Unchanged: 
 Data sizes:     COMRAM   BANK0   BANK1   BANK2   BANK3   BANK4   BANK5   BANK6   BANK7
      Params:         0       0       0       0       0       0       0       0       0
      Locals:         0       2       0       0       0       0       0       0       0
      Temps:          0       0       0       0       0       0       0       0       0
      Totals:         0       2       0       0       0       0       0       0       0
Total ram usage:        2 bytes
 Hardware stack levels used:    1
 Hardware stack levels required when called:    5
 This function calls:
		_calcPID
		_setLEDs
		_setMotors
 This function is called by:
		_main
 This function uses a non-reentrant model


 *************** function _setMotors *****************
 Defined at:
		line 34 in file "motors.c"
 Parameters:    Size  Location     Type
  left            2   26[COMRAM] int 
  right           2   28[COMRAM] int 
 Auto vars:     Size  Location     Type
		None
 Return value:  Size  Location     Type
                  1    wreg      void 
 Registers used:
		wreg, status,2, status,0, cstack
 Tracked objects:
		On entry : 
		On exit  : 
		Unchanged: 
 Data sizes:     COMRAM   BANK0   BANK1   BANK2   BANK3   BANK4   BANK5   BANK6   BANK7
      Params:         4       0       0       0       0       0       0       0       0
      Locals:         0       0       0       0       0       0       0       0       0
      Temps:          2       0       0       0       0       0       0       0       0
      Totals:         6       0       0       0       0       0       0       0       0
Total ram usage:        6 bytes
 Hardware stack levels used:    1
 Hardware stack levels required when called:    3
 This function calls:
		___awdiv
 This function is called by:
		_loop
 This function uses a non-reentrant model


 *************** function ___awdiv *****************
 Defined at:
		line 8 in file "C:\Program Files (x86)\Microchip\xc8\v1.45\sources\common\awdiv.c"
 Parameters:    Size  Location     Type
  dividend        2   18[COMRAM] int 
  divisor         2   20[COMRAM] int 
 Auto vars:     Size  Location     Type
  quotient        2   24[COMRAM] int 
  sign            1   23[COMRAM] unsigned char 
  counter         1   22[COMRAM] unsigned char 
 Return value:  Size  Location     Type
                  2   18[COMRAM] int 
 Registers used:
		wreg, status,2, status,0
 Tracked objects:
		On entry : 
		On exit  : 
		Unchanged: 
 Data sizes:     COMRAM   BANK0   BANK1   BANK2   BANK3   BANK4   BANK5   BANK6   BANK7
      Params:         4       0       0       0       0       0       0       0       0
      Locals:         4       0       0       0       0       0       0       0       0
      Temps:          0       0       0       0       0       0       0       0       0
      Totals:         8       0       0       0       0       0       0       0       0
Total ram usage:        8 bytes
 Hardware stack levels used:    1
 Hardware stack levels required when called:    2
 This function calls:
		Nothing
 This function is called by:
		_setMotors
 This function uses a non-reentrant model


 *************** function _setLEDs *****************
 Defined at:
		line 32 in file "ui.c"
 Parameters:    Size  Location     Type
  r               1    wreg     unsigned char 
  y               1   19[COMRAM] unsigned char 
  g               1   20[COMRAM] unsigned char 
 Auto vars:     Size  Location     Type
  r               1   21[COMRAM] unsigned char 
 Return value:  Size  Location     Type
                  1    wreg      void 
 Registers used:
		wreg, status,2, cstack
 Tracked objects:
		On entry : 
		On exit  : 
		Unchanged: 
 Data sizes:     COMRAM   BANK0   BANK1   BANK2   BANK3   BANK4   BANK5   BANK6   BANK7
      Params:         2       0       0       0       0       0       0       0       0
      Locals:         1       0       0       0       0       0       0       0       0
      Temps:          0       0       0       0       0       0       0       0       0
      Totals:         3       0       0       0       0       0       0       0       0
Total ram usage:        3 bytes
 Hardware stack levels used:    1
 Hardware stack levels required when called:    3
 This function calls:
		_setLEDG
		_setLEDR
		_setLEDY
 This function is called by:
		_loop
 This function uses a non-reentrant model


 *************** function _setLEDY *****************
 Defined at:
		line 54 in file "ui.c"
 Parameters:    Size  Location     Type
  v               1    wreg     unsigned char 
 Auto vars:     Size  Location     Type
  v               1   18[COMRAM] unsigned char 
 Return value:  Size  Location     Type
                  1    wreg      void 
 Registers used:
		wreg
 Tracked objects:
		On entry : 
		On exit  : 
		Unchanged: 
 Data sizes:     COMRAM   BANK0   BANK1   BANK2   BANK3   BANK4   BANK5   BANK6   BANK7
      Params:         0       0       0       0       0       0       0       0       0
      Locals:         1       0       0       0       0       0       0       0       0
      Temps:          0       0       0       0       0       0       0       0       0
      Totals:         1       0       0       0       0       0       0       0       0
Total ram usage:        1 bytes
 Hardware stack levels used:    1
 Hardware stack levels required when called:    2
 This function calls:
		Nothing
 This function is called by:
		_setLEDs
 This function uses a non-reentrant model


 *************** function _setLEDR *****************
 Defined at:
		line 50 in file "ui.c"
 Parameters:    Size  Location     Type
  v               1    wreg     unsigned char 
 Auto vars:     Size  Location     Type
  v               1   18[COMRAM] unsigned char 
 Return value:  Size  Location     Type
                  1    wreg      void 
 Registers used:
		wreg
 Tracked objects:
		On entry : 
		On exit  : 
		Unchanged: 
 Data sizes:     COMRAM   BANK0   BANK1   BANK2   BANK3   BANK4   BANK5   BANK6   BANK7
      Params:         0       0       0       0       0       0       0       0       0
      Locals:         1       0       0       0       0       0       0       0       0
      Temps:          0       0       0       0       0       0       0       0       0
      Totals:         1       0       0       0       0       0       0       0       0
Total ram usage:        1 bytes
 Hardware stack levels used:    1
 Hardware stack levels required when called:    2
 This function calls:
		Nothing
 This function is called by:
		_setLEDs
 This function uses a non-reentrant model


 *************** function _setLEDG *****************
 Defined at:
		line 58 in file "ui.c"
 Parameters:    Size  Location     Type
  v               1    wreg     unsigned char 
 Auto vars:     Size  Location     Type
  v               1   18[COMRAM] unsigned char 
 Return value:  Size  Location     Type
                  1    wreg      void 
 Registers used:
		wreg
 Tracked objects:
		On entry : 
		On exit  : 
		Unchanged: 
 Data sizes:     COMRAM   BANK0   BANK1   BANK2   BANK3   BANK4   BANK5   BANK6   BANK7
      Params:         0       0       0       0       0       0       0       0       0
      Locals:         1       0       0       0       0       0       0       0       0
      Temps:          0       0       0       0       0       0       0       0       0
      Totals:         1       0       0       0       0       0       0       0       0
Total ram usage:        1 bytes
 Hardware stack levels used:    1
 Hardware stack levels required when called:    2
 This function calls:
		Nothing
 This function is called by:
		_setLEDs
 This function uses a non-reentrant model


 *************** function _calcPID *****************
 Defined at:
		line 14 in file "main.c"
 Parameters:    Size  Location     Type
  Kp              3   15[BANK0 ] float 
  Ki              3   18[BANK0 ] float 
  Kd              3   21[BANK0 ] float 
 Auto vars:     Size  Location     Type
  val             2   41[BANK0 ] unsigned int 
  i               2   43[BANK0 ] int 
  s2              4   37[BANK0 ] unsigned long 
  s1              4   33[BANK0 ] unsigned long 
  pos             2   27[BANK0 ] int 
 Return value:  Size  Location     Type
                  2   15[BANK0 ] int 
 Registers used:
		wreg, fsr2l, fsr2h, status,2, status,0, tblptrl, tblptrh, tblptru, prodl, prodh, cstack
 Tracked objects:
		On entry : 
		On exit  : 
		Unchanged: 
 Data sizes:     COMRAM   BANK0   BANK1   BANK2   BANK3   BANK4   BANK5   BANK6   BANK7
      Params:         0       9       0       0       0       0       0       0       0
      Locals:         0      21       0       0       0       0       0       0       0
      Temps:          2       0       0       0       0       0       0       0       0
      Totals:         2      30       0       0       0       0       0       0       0
Total ram usage:       32 bytes
 Hardware stack levels used:    1
 Hardware stack levels required when called:    4
 This function calls:
		___awtoft
		___ftadd
		___ftmul
		___fttol
		___lldiv
		___wmul
		_getCalCNY
 This function is called by:
		_loop
 This function uses a non-reentrant model


 *************** function _getCalCNY *****************
 Defined at:
		line 24 in file "calibration.c"
 Parameters:    Size  Location     Type
  channel         2   31[COMRAM] unsigned int 
 Auto vars:     Size  Location     Type
  val             2   43[COMRAM] unsigned int 
 Return value:  Size  Location     Type
                  2   31[COMRAM] unsigned int 
 Registers used:
		wreg, fsr2l, fsr2h, status,2, status,0, tblptrl, tblptrh, tblptru, prodl, prodh, cstack
 Tracked objects:
		On entry : 
		On exit  : 
		Unchanged: 
 Data sizes:     COMRAM   BANK0   BANK1   BANK2   BANK3   BANK4   BANK5   BANK6   BANK7
      Params:         2       0       0       0       0       0       0       0       0
      Locals:         6       0       0       0       0       0       0       0       0
      Temps:          6       0       0       0       0       0       0       0       0
      Totals:        14       0       0       0       0       0       0       0       0
Total ram usage:       14 bytes
 Hardware stack levels used:    1
 Hardware stack levels required when called:    3
 This function calls:
		___lwdiv
		___wmul
		_getCNY
 This function is called by:
		_calcPID
 This function uses a non-reentrant model


 *************** function _getCNY *****************
 Defined at:
		line 56 in file "CNY.c"
 Parameters:    Size  Location     Type
  channel         1    wreg     unsigned char 
 Auto vars:     Size  Location     Type
  channel         1   22[COMRAM] unsigned char 
 Return value:  Size  Location     Type
                  2   18[COMRAM] unsigned int 
 Registers used:
		wreg, status,2, status,0, tblptrl, tblptrh, tblptru, prodl, prodh
 Tracked objects:
		On entry : 
		On exit  : 
		Unchanged: 
 Data sizes:     COMRAM   BANK0   BANK1   BANK2   BANK3   BANK4   BANK5   BANK6   BANK7
      Params:         2       0       0       0       0       0       0       0       0
      Locals:         1       0       0       0       0       0       0       0       0
      Temps:          2       0       0       0       0       0       0       0       0
      Totals:         5       0       0       0       0       0       0       0       0
Total ram usage:        5 bytes
 Hardware stack levels used:    1
 Hardware stack levels required when called:    2
 This function calls:
		Nothing
 This function is called by:
		_getCalCNY
		_calibrateCNY
 This function uses a non-reentrant model


 *************** function ___wmul *****************
 Defined at:
		line 15 in file "C:\Program Files (x86)\Microchip\xc8\v1.45\sources\common\Umul16.c"
 Parameters:    Size  Location     Type
  multiplier      2   25[COMRAM] unsigned int 
  multiplicand    2   27[COMRAM] unsigned int 
 Auto vars:     Size  Location     Type
  product         2   29[COMRAM] unsigned int 
 Return value:  Size  Location     Type
                  2   25[COMRAM] unsigned int 
 Registers used:
		wreg, status,2, status,0, prodl, prodh
 Tracked objects:
		On entry : 
		On exit  : 
		Unchanged: 
 Data sizes:     COMRAM   BANK0   BANK1   BANK2   BANK3   BANK4   BANK5   BANK6   BANK7
      Params:         4       0       0       0       0       0       0       0       0
      Locals:         2       0       0       0       0       0       0       0       0
      Temps:          0       0       0       0       0       0       0       0       0
      Totals:         6       0       0       0       0       0       0       0       0
Total ram usage:        6 bytes
 Hardware stack levels used:    1
 Hardware stack levels required when called:    2
 This function calls:
		Nothing
 This function is called by:
		_calcPID
		_getCalCNY
 This function uses a non-reentrant model


 *************** function ___lwdiv *****************
 Defined at:
		line 8 in file "C:\Program Files (x86)\Microchip\xc8\v1.45\sources\common\lwdiv.c"
 Parameters:    Size  Location     Type
  dividend        2   18[COMRAM] unsigned int 
  divisor         2   20[COMRAM] unsigned int 
 Auto vars:     Size  Location     Type
  quotient        2   23[COMRAM] unsigned int 
  counter         1   22[COMRAM] unsigned char 
 Return value:  Size  Location     Type
                  2   18[COMRAM] unsigned int 
 Registers used:
		wreg, status,2, status,0
 Tracked objects:
		On entry : 
		On exit  : 
		Unchanged: 
 Data sizes:     COMRAM   BANK0   BANK1   BANK2   BANK3   BANK4   BANK5   BANK6   BANK7
      Params:         4       0       0       0       0       0       0       0       0
      Locals:         3       0       0       0       0       0       0       0       0
      Temps:          0       0       0       0       0       0       0       0       0
      Totals:         7       0       0       0       0       0       0       0       0
Total ram usage:        7 bytes
 Hardware stack levels used:    1
 Hardware stack levels required when called:    2
 This function calls:
		Nothing
 This function is called by:
		_getCalCNY
 This function uses a non-reentrant model


 *************** function ___lldiv *****************
 Defined at:
		line 8 in file "C:\Program Files (x86)\Microchip\xc8\v1.45\sources\common\lldiv.c"
 Parameters:    Size  Location     Type
  dividend        4   18[COMRAM] unsigned long 
  divisor         4   22[COMRAM] unsigned long 
 Auto vars:     Size  Location     Type
  quotient        4   26[COMRAM] unsigned long 
  counter         1   30[COMRAM] unsigned char 
 Return value:  Size  Location     Type
                  4   18[COMRAM] unsigned long 
 Registers used:
		wreg, status,2, status,0
 Tracked objects:
		On entry : 
		On exit  : 
		Unchanged: 
 Data sizes:     COMRAM   BANK0   BANK1   BANK2   BANK3   BANK4   BANK5   BANK6   BANK7
      Params:         8       0       0       0       0       0       0       0       0
      Locals:         5       0       0       0       0       0       0       0       0
      Temps:          0       0       0       0       0       0       0       0       0
      Totals:        13       0       0       0       0       0       0       0       0
Total ram usage:       13 bytes
 Hardware stack levels used:    1
 Hardware stack levels required when called:    2
 This function calls:
		Nothing
 This function is called by:
		_calcPID
 This function uses a non-reentrant model


 *************** function ___fttol *****************
 Defined at:
		line 44 in file "C:\Program Files (x86)\Microchip\xc8\v1.45\sources\common\fttol.c"
 Parameters:    Size  Location     Type
  f1              3   45[COMRAM] float 
 Auto vars:     Size  Location     Type
  lval            4    1[BANK0 ] unsigned long 
  exp1            1    5[BANK0 ] unsigned char 
  sign1           1    0[BANK0 ] unsigned char 
 Return value:  Size  Location     Type
                  4   45[COMRAM] long 
 Registers used:
		wreg, status,2, status,0
 Tracked objects:
		On entry : 
		On exit  : 
		Unchanged: 
 Data sizes:     COMRAM   BANK0   BANK1   BANK2   BANK3   BANK4   BANK5   BANK6   BANK7
      Params:         4       0       0       0       0       0       0       0       0
      Locals:         0       6       0       0       0       0       0       0       0
      Temps:          5       0       0       0       0       0       0       0       0
      Totals:         9       6       0       0       0       0       0       0       0
Total ram usage:       15 bytes
 Hardware stack levels used:    1
 Hardware stack levels required when called:    2
 This function calls:
		Nothing
 This function is called by:
		_calcPID
 This function uses a non-reentrant model


 *************** function ___ftmul *****************
 Defined at:
		line 62 in file "C:\Program Files (x86)\Microchip\xc8\v1.45\sources\common\ftmul.c"
 Parameters:    Size  Location     Type
  f1              3   30[COMRAM] float 
  f2              3   33[COMRAM] float 
 Auto vars:     Size  Location     Type
  f3_as_produc    3   40[COMRAM] unsigned um
  sign            1   44[COMRAM] unsigned char 
  cntr            1   43[COMRAM] unsigned char 
  exp             1   39[COMRAM] unsigned char 
 Return value:  Size  Location     Type
                  3   30[COMRAM] float 
 Registers used:
		wreg, status,2, status,0, cstack
 Tracked objects:
		On entry : 
		On exit  : 
		Unchanged: 
 Data sizes:     COMRAM   BANK0   BANK1   BANK2   BANK3   BANK4   BANK5   BANK6   BANK7
      Params:         6       0       0       0       0       0       0       0       0
      Locals:         6       0       0       0       0       0       0       0       0
      Temps:          3       0       0       0       0       0       0       0       0
      Totals:        15       0       0       0       0       0       0       0       0
Total ram usage:       15 bytes
 Hardware stack levels used:    1
 Hardware stack levels required when called:    3
 This function calls:
		___ftpack
 This function is called by:
		_calcPID
 This function uses a non-reentrant model


 *************** function ___ftadd *****************
 Defined at:
		line 86 in file "C:\Program Files (x86)\Microchip\xc8\v1.45\sources\common\ftadd.c"
 Parameters:    Size  Location     Type
  f1              3    6[BANK0 ] float 
  f2              3    9[BANK0 ] float 
 Auto vars:     Size  Location     Type
  exp1            1   14[BANK0 ] unsigned char 
  exp2            1   13[BANK0 ] unsigned char 
  sign            1   12[BANK0 ] unsigned char 
 Return value:  Size  Location     Type
                  3    6[BANK0 ] float 
 Registers used:
		wreg, status,2, status,0, cstack
 Tracked objects:
		On entry : 
		On exit  : 
		Unchanged: 
 Data sizes:     COMRAM   BANK0   BANK1   BANK2   BANK3   BANK4   BANK5   BANK6   BANK7
      Params:         0       6       0       0       0       0       0       0       0
      Locals:         0       3       0       0       0       0       0       0       0
      Temps:          3       0       0       0       0       0       0       0       0
      Totals:         3       9       0       0       0       0       0       0       0
Total ram usage:       12 bytes
 Hardware stack levels used:    1
 Hardware stack levels required when called:    3
 This function calls:
		___ftpack
 This function is called by:
		_calcPID
 This function uses a non-reentrant model


 *************** function ___awtoft *****************
 Defined at:
		line 32 in file "C:\Program Files (x86)\Microchip\xc8\v1.45\sources\common\awtoft.c"
 Parameters:    Size  Location     Type
  c               2   26[COMRAM] int 
 Auto vars:     Size  Location     Type
  sign            1   29[COMRAM] unsigned char 
 Return value:  Size  Location     Type
                  3   26[COMRAM] float 
 Registers used:
		wreg, status,2, status,0, cstack
 Tracked objects:
		On entry : 
		On exit  : 
		Unchanged: 
 Data sizes:     COMRAM   BANK0   BANK1   BANK2   BANK3   BANK4   BANK5   BANK6   BANK7
      Params:         3       0       0       0       0       0       0       0       0
      Locals:         1       0       0       0       0       0       0       0       0
      Temps:          0       0       0       0       0       0       0       0       0
      Totals:         4       0       0       0       0       0       0       0       0
Total ram usage:        4 bytes
 Hardware stack levels used:    1
 Hardware stack levels required when called:    3
 This function calls:
		___ftpack
 This function is called by:
		_calcPID
 This function uses a non-reentrant model


 *************** function ___ftpack *****************
 Defined at:
		line 62 in file "C:\Program Files (x86)\Microchip\xc8\v1.45\sources\common\float.c"
 Parameters:    Size  Location     Type
  arg             3   18[COMRAM] unsigned um
  exp             1   21[COMRAM] unsigned char 
  sign            1   22[COMRAM] unsigned char 
 Auto vars:     Size  Location     Type
		None
 Return value:  Size  Location     Type
                  3   18[COMRAM] float 
 Registers used:
		wreg, status,2, status,0
 Tracked objects:
		On entry : 
		On exit  : 
		Unchanged: 
 Data sizes:     COMRAM   BANK0   BANK1   BANK2   BANK3   BANK4   BANK5   BANK6   BANK7
      Params:         5       0       0       0       0       0       0       0       0
      Locals:         0       0       0       0       0       0       0       0       0
      Temps:          3       0       0       0       0       0       0       0       0
      Totals:         8       0       0       0       0       0       0       0       0
Total ram usage:        8 bytes
 Hardware stack levels used:    1
 Hardware stack levels required when called:    2
 This function calls:
		Nothing
 This function is called by:
		___awtoft
		___ftadd
		___ftmul
 This function uses a non-reentrant model


 *************** function _initUI *****************
 Defined at:
		line 18 in file "ui.c"
 Parameters:    Size  Location     Type
		None
 Auto vars:     Size  Location     Type
		None
 Return value:  Size  Location     Type
                  1    wreg      void 
 Registers used:
		None
 Tracked objects:
		On entry : 
		On exit  : 
		Unchanged: 
 Data sizes:     COMRAM   BANK0   BANK1   BANK2   BANK3   BANK4   BANK5   BANK6   BANK7
      Params:         0       0       0       0       0       0       0       0       0
      Locals:         0       0       0       0       0       0       0       0       0
      Temps:          0       0       0       0       0       0       0       0       0
      Totals:         0       0       0       0       0       0       0       0       0
Total ram usage:        0 bytes
 Hardware stack levels used:    1
 Hardware stack levels required when called:    2
 This function calls:
		Nothing
 This function is called by:
		_main
 This function uses a non-reentrant model


 *************** function _initTimer *****************
 Defined at:
		line 21 in file "timer.c"
 Parameters:    Size  Location     Type
		None
 Auto vars:     Size  Location     Type
		None
 Return value:  Size  Location     Type
                  1    wreg      void 
 Registers used:
		wreg, status,2
 Tracked objects:
		On entry : 
		On exit  : 
		Unchanged: 
 Data sizes:     COMRAM   BANK0   BANK1   BANK2   BANK3   BANK4   BANK5   BANK6   BANK7
      Params:         0       0       0       0       0       0       0       0       0
      Locals:         0       0       0       0       0       0       0       0       0
      Temps:          0       0       0       0       0       0       0       0       0
      Totals:         0       0       0       0       0       0       0       0       0
Total ram usage:        0 bytes
 Hardware stack levels used:    1
 Hardware stack levels required when called:    2
 This function calls:
		Nothing
 This function is called by:
		_main
 This function uses a non-reentrant model


 *************** function _initMotors *****************
 Defined at:
		line 14 in file "motors.c"
 Parameters:    Size  Location     Type
		None
 Auto vars:     Size  Location     Type
		None
 Return value:  Size  Location     Type
                  1    wreg      void 
 Registers used:
		wreg, status,2
 Tracked objects:
		On entry : 
		On exit  : 
		Unchanged: 
 Data sizes:     COMRAM   BANK0   BANK1   BANK2   BANK3   BANK4   BANK5   BANK6   BANK7
      Params:         0       0       0       0       0       0       0       0       0
      Locals:         0       0       0       0       0       0       0       0       0
      Temps:          0       0       0       0       0       0       0       0       0
      Totals:         0       0       0       0       0       0       0       0       0
Total ram usage:        0 bytes
 Hardware stack levels used:    1
 Hardware stack levels required when called:    2
 This function calls:
		Nothing
 This function is called by:
		_main
 This function uses a non-reentrant model


 *************** function _initInterrupts *****************
 Defined at:
		line 50 in file "main.c"
 Parameters:    Size  Location     Type
		None
 Auto vars:     Size  Location     Type
		None
 Return value:  Size  Location     Type
                  1    wreg      void 
 Registers used:
		None
 Tracked objects:
		On entry : 
		On exit  : 
		Unchanged: 
 Data sizes:     COMRAM   BANK0   BANK1   BANK2   BANK3   BANK4   BANK5   BANK6   BANK7
      Params:         0       0       0       0       0       0       0       0       0
      Locals:         0       0       0       0       0       0       0       0       0
      Temps:          0       0       0       0       0       0       0       0       0
      Totals:         0       0       0       0       0       0       0       0       0
Total ram usage:        0 bytes
 Hardware stack levels used:    1
 Hardware stack levels required when called:    2
 This function calls:
		Nothing
 This function is called by:
		_main
 This function uses a non-reentrant model


 *************** function _initCNY *****************
 Defined at:
		line 46 in file "CNY.c"
 Parameters:    Size  Location     Type
		None
 Auto vars:     Size  Location     Type
		None
 Return value:  Size  Location     Type
                  1    wreg      void 
 Registers used:
		wreg, status,2
 Tracked objects:
		On entry : 
		On exit  : 
		Unchanged: 
 Data sizes:     COMRAM   BANK0   BANK1   BANK2   BANK3   BANK4   BANK5   BANK6   BANK7
      Params:         0       0       0       0       0       0       0       0       0
      Locals:         0       0       0       0       0       0       0       0       0
      Temps:          0       0       0       0       0       0       0       0       0
      Totals:         0       0       0       0       0       0       0       0       0
Total ram usage:        0 bytes
 Hardware stack levels used:    1
 Hardware stack levels required when called:    2
 This function calls:
		Nothing
 This function is called by:
		_main
 This function uses a non-reentrant model


 *************** function _ISR *****************
 Defined at:
		line 62 in file "main.c"
 Parameters:    Size  Location     Type
		None
 Auto vars:     Size  Location     Type
		None
 Return value:  Size  Location     Type
                  1    wreg      void 
 Registers used:
		wreg, status,2, status,0, cstack
 Tracked objects:
		On entry : 
		On exit  : 
		Unchanged: 
 Data sizes:     COMRAM   BANK0   BANK1   BANK2   BANK3   BANK4   BANK5   BANK6   BANK7
      Params:         0       0       0       0       0       0       0       0       0
      Locals:         0       0       0       0       0       0       0       0       0
      Temps:         18       0       0       0       0       0       0       0       0
      Totals:        18       0       0       0       0       0       0       0       0
Total ram usage:       18 bytes
 Hardware stack levels used:    1
 Hardware stack levels required when called:    1
 This function calls:
		_cnyInterrupt
		_timerInterrupt
 This function is called by:
		Interrupt level 2
 This function uses a non-reentrant model


 *************** function _timerInterrupt *****************
 Defined at:
		line 11 in file "timer.c"
 Parameters:    Size  Location     Type
		None
 Auto vars:     Size  Location     Type
		None
 Return value:  Size  Location     Type
                  1    wreg      void 
 Registers used:
		wreg, status,2, status,0
 Tracked objects:
		On entry : 
		On exit  : 
		Unchanged: 
 Data sizes:     COMRAM   BANK0   BANK1   BANK2   BANK3   BANK4   BANK5   BANK6   BANK7
      Params:         0       0       0       0       0       0       0       0       0
      Locals:         0       0       0       0       0       0       0       0       0
      Temps:          0       0       0       0       0       0       0       0       0
      Totals:         0       0       0       0       0       0       0       0       0
Total ram usage:        0 bytes
 Hardware stack levels used:    1
 This function calls:
		Nothing
 This function is called by:
		_ISR
 This function uses a non-reentrant model


 *************** function _cnyInterrupt *****************
 Defined at:
		line 45 in file "CNY.c"
 Parameters:    Size  Location     Type
		None
 Auto vars:     Size  Location     Type
		None
 Return value:  Size  Location     Type
                  1    wreg      void 
 Registers used:
		None
 Tracked objects:
		On entry : 
		On exit  : 
		Unchanged: 
 Data sizes:     COMRAM   BANK0   BANK1   BANK2   BANK3   BANK4   BANK5   BANK6   BANK7
      Params:         0       0       0       0       0       0       0       0       0
      Locals:         0       0       0       0       0       0       0       0       0
      Temps:          0       0       0       0       0       0       0       0       0
      Totals:         0       0       0       0       0       0       0       0       0
Total ram usage:        0 bytes
 Hardware stack levels used:    1
 This function calls:
		Nothing
 This function is called by:
		_ISR
 This function uses a non-reentrant model



MODULE INFORMATION

Module		Function		Class		Link	Load	Size
C:\Program Files (x86)\Microchip\xc8\v1.45\sources\common\float.c
		___ftpack      		CODE           	1086	0000	175

C:\Program Files (x86)\Microchip\xc8\v1.45\sources\common\float.c estimated size: 175

motors.c
		_initMotors    		CODE           	1450	0000	55
		_setMotors     		CODE           	0BCC	0000	369

motors.c estimated size: 424

C:\Program Files (x86)\Microchip\xc8\v1.45\sources\common\Umul16.c
		___wmul        		CODE           	14DC	0000	39

C:\Program Files (x86)\Microchip\xc8\v1.45\sources\common\Umul16.c estimated size: 39

timer.c
		_initTimer     		CODE           	1582	0000	11
		_timerInterrupt		CODE           	1486	0000	49

timer.c estimated size: 60

C:\Program Files (x86)\Microchip\xc8\v1.45\sources\common\ftmul.c
		___ftmul       		CODE           	0F92	0000	245

C:\Program Files (x86)\Microchip\xc8\v1.45\sources\common\ftmul.c estimated size: 245

calibration.c
		_getCalCNY     		CODE           	0D3C	0000	351

calibration.c estimated size: 351

ui.c
		_setLEDG       		CODE           	1574	0000	15
		_setLEDs       		CODE           	151C	0000	23
		_setLEDY       		CODE           	1558	0000	15
		_setLEDR       		CODE           	1566	0000	15
		_initUI        		CODE           	1546	0000	19

ui.c estimated size: 87

shared
		__initialization		CODE           	14B6	0000	25
		_channels      		SMALLCONST     	0801	0000	6

shared estimated size: 31

C:\Program Files (x86)\Microchip\xc8\v1.45\sources\common\fttol.c
		___fttol       		CODE           	0E9A	0000	249

C:\Program Files (x86)\Microchip\xc8\v1.45\sources\common\fttol.c estimated size: 249

C:\Program Files (x86)\Microchip\xc8\v1.45\sources\common\awtoft.c
		___awtoft      		CODE           	1418	0000	57

C:\Program Files (x86)\Microchip\xc8\v1.45\sources\common\awtoft.c estimated size: 57

C:\Program Files (x86)\Microchip\xc8\v1.45\sources\common\lwdiv.c
		___lwdiv       		CODE           	13C6	0000	83

C:\Program Files (x86)\Microchip\xc8\v1.45\sources\common\lwdiv.c estimated size: 83

CNY.c
		_getCNY        		CODE           	1372	0000	85
		_cnyInterrupt  		CODE           	1592	0000	3
		_initCNY       		CODE           	1532	0000	21

CNY.c estimated size: 109

C:\Program Files (x86)\Microchip\xc8\v1.45\sources\common\awdiv.c
		___awdiv       		CODE           	126C	0000	133

C:\Program Files (x86)\Microchip\xc8\v1.45\sources\common\awdiv.c estimated size: 133

C:\Program Files (x86)\Microchip\xc8\v1.45\sources\common\ftadd.c
		___ftadd       		CODE           	0A1E	0000	431

C:\Program Files (x86)\Microchip\xc8\v1.45\sources\common\ftadd.c estimated size: 431

C:\Program Files (x86)\Microchip\xc8\v1.45\sources\common\lldiv.c
		___lldiv       		CODE           	12F0	0000	131

C:\Program Files (x86)\Microchip\xc8\v1.45\sources\common\lldiv.c estimated size: 131

main.c
		_loop          		CODE           	11D2	0000	155
		_calcPID       		CODE           	0808	0000	535
		_ISR           		CODE           	0008	0000	165
		_main          		CODE           	1502	0000	27
		_initInterrupts		CODE           	158C	0000	7

main.c estimated size: 889

