Microchip MPLAB XC8 Compiler V1.45 ()

Linker command line:

-W-3 --edf=C:\Program Files (x86)\Microchip\xc8\v1.45\dat\en_msgs.txt -cs \
  -h+dist/default/production\Veloplaco.X.production.sym \
  --cmf=dist/default/production\Veloplaco.X.production.cmf -z -Q18F2550 \
  -oC:\Users\Ianick\AppData\Local\Temp\s112s.2 \
  -Mdist/default/production/Veloplaco.X.production.map -E1 -ver=XC8 \
  -ASTACK=060h-07ffh -pstack=STACK -ACODE=00h-07FFFh -ACONST=00h-07FFFh \
  -ASMALLCONST=0800h-08FFhx120 -AMEDIUMCONST=0800h-07FFFh -ACOMRAM=01h-05Fh \
  -AABS1=00h-07FFh -ABIGRAM=01h-07FFh -ARAM=060h-0FFh,0100h-01FFhx7 \
  -ABANK0=060h-0FFh -ABANK1=0100h-01FFh -ABANK2=0200h-02FFh \
  -ABANK3=0300h-03FFh -ABANK4=0400h-04FFh -ABANK5=0500h-05FFh \
  -ABANK6=0600h-06FFh -ABANK7=0700h-07FFh -ASFR=0F60h-0FFFh \
  -preset_vec=00h,intcode=08h,intcodelo,powerup,init -pramtop=0800h \
  -psmallconst=SMALLCONST -pmediumconst=MEDIUMCONST -pconst=CONST \
  -AFARRAM=00h-00h -ACONFIG=0300000h-030000Dh -pconfig=CONFIG \
  -AIDLOC=0200000h-0200007h -pidloc=IDLOC -AEEDATA=0F00000h-0F000FFh \
  -peeprom_data=EEDATA \
  -prdata=COMRAM,nvrram=COMRAM,nvbit=COMRAM,rbss=COMRAM,rbit=COMRAM \
  -pfarbss=FARRAM,fardata=FARRAM,nvFARRAM=FARRAM \
  -pintsave_regs=BIGRAM,bigbss=BIGRAM,bigdata=BIGRAM -pbss=RAM \
  -pidata=CODE,irdata=CODE,ibigdata=CODE,ifardata=CODE -prparam=COMRAM \
  C:\Users\Ianick\AppData\Local\Temp\s112s.obj \
  dist/default/production\Veloplaco.X.production.obj 

Object code version is 3.11

Machine type is 18F2550

Call graph: (short form)




                Name                               Link     Load   Length Selector   Space Scale
C:\Users\Ianick\AppData\Local\Temp\s112s.obj
                init                                  E        E        4        4       0
                reset_vec                             0        0        4        0       0
                idloc                            200000   200000        8   200000       0
                config                           300000   300000        E   300000       0
dist/default/production\Veloplaco.X.production.obj
                intcode                               8        8        6        4       0
                temp                                 36       36        1        1       1
                smallconst                          800      800        8      400       0
                text15                              A9A      A9A       60      404       0
                text14                              B92      B92       30      404       0
                intcode_body                        978      978       9E      404       0
                text12                              B30      B30       32      404       0
                text11                              C52      C52        6      404       0
                text10                              AFA      AFA       36      404       0
                text9                               C48      C48        A      404       0
                text8                               C0C      C0C       12      404       0
                text7                               C3A      C3A        E      404       0
                text6                               C2C      C2C        E      404       0
                text5                               C1E      C1E        E      404       0
                text4                               BF6      BF6       16      404       0
                text3                               A16      A16       84      404       0
                text2                               808      808      170      404       0
                text1                               B62      B62       30      404       0
                text0                               BDC      BDC       1A      404       0
                cstackCOMRAM                          1        1       23        1       1
                bssCOMRAM                            24       24       12        1       1
                cinit                               BC2      BC2       1A      404       0

TOTAL           Name                               Link     Load   Length     Space
        CLASS   STACK          

        CLASS   CODE           
                intcode                               8        8        6         0
                init                                  E        E        4         0
                reset_vec                             0        0        4         0
                text15                              A9A      A9A       60         0
                text14                              B92      B92       30         0
                intcode_body                        978      978       9E         0
                text12                              B30      B30       32         0
                text11                              C52      C52        6         0
                text10                              AFA      AFA       36         0
                text9                               C48      C48        A         0
                text8                               C0C      C0C       12         0
                text7                               C3A      C3A        E         0
                text6                               C2C      C2C        E         0
                text5                               C1E      C1E        E         0
                text4                               BF6      BF6       16         0
                text3                               A16      A16       84         0
                text2                               808      808      170         0
                text1                               B62      B62       30         0
                text0                               BDC      BDC       1A         0
                cinit                               BC2      BC2       1A         0

        CLASS   CONST          

        CLASS   SMALLCONST     
                smallconst                          800      800        8         0

        CLASS   MEDIUMCONST    

        CLASS   COMRAM         
                temp                                 36       36        1         1
                cstackCOMRAM                          1        1       23         1
                bssCOMRAM                            24       24       12         1

        CLASS   ABS1           

        CLASS   BIGRAM         

        CLASS   RAM            

        CLASS   BANK0          

        CLASS   BANK1          

        CLASS   BANK2          

        CLASS   BANK3          

        CLASS   BANK4          

        CLASS   BANK5          

        CLASS   BANK6          

        CLASS   BANK7          

        CLASS   SFR            

        CLASS   FARRAM         

        CLASS   CONFIG         
                config                           300000   300000        E         0

        CLASS   IDLOC          
                idloc                            200000   200000        8         0

        CLASS   EEDATA         



SEGMENTS        Name                           Load    Length   Top    Selector   Space  Class

                reset_vec                      000000  000004  000004         0       0  CODE    
                cstackCOMRAM                   000001  000036  000037         1       1  COMRAM  
                intcode                        000008  00000A  000012         4       0  CODE    
                smallconst                     000800  000008  000808       400       0  SMALLCON
                text2                          000808  000450  000C58       404       0  CODE    
                idloc                          200000  000008  200008    200000       0  IDLOC   
                config                         300000  00000E  30000E    300000       0  CONFIG  


UNUSED ADDRESS RANGES

        Name                Unused          Largest block    Delta
        BANK0            000060-0000FF               A0
        BANK1            000100-0001FF              100
        BANK2            000200-0002FF              100
        BANK3            000300-0003FF              100
        BANK4            000400-0004FF              100
        BANK5            000500-0005FF              100
        BANK6            000600-0006FF              100
        BANK7            000700-0007FF              100
        BIGRAM           000037-0007FF              7C9
        CODE             000004-000007                4
                         000012-0007FF              7EE
                         000C58-007FFF             73A8
        COMRAM           000037-00005F               29
        CONST            000004-000007                4
                         000012-0007FF              7EE
                         000C58-007FFF             73A8
        EEDATA           F00000-F000FF              100
        MEDIUMCONST      000C58-007FFF             73A8
        RAM              000060-0007FF              100
        SFR              000F60-000FFF               A0
        SMALLCONST       000C58-007FFF              100
        STACK            000060-0007FF              7A0

                                  Symbol Table

?___awdiv                cstackCOMRAM 000016
_ADCON0bits              (abs)        000FC2
_ADCON1                  (abs)        000FC1
_ADRESH                  (abs)        000FC4
_ADRESL                  (abs)        000FC3
_CCP1CONbits             (abs)        000FBD
_CCP2CONbits             (abs)        000FBA
_CCPR1L                  (abs)        000FBE
_CCPR2L                  (abs)        000FBB
_INTCONbits              (abs)        000FF2
_ISR                     intcode      000008
_LATBbits                (abs)        000F8A
_LATCbits                (abs)        000F8B
_PIE1bits                (abs)        000F9D
_PIR1bits                (abs)        000F9E
_PORTBbits               (abs)        000F81
_PR2                     (abs)        000FCB
_T0CON                   (abs)        000FD5
_T2CON                   (abs)        000FCA
_TRISBbits               (abs)        000F93
_TRISCbits               (abs)        000F94
__CFG_BOR$OFF            (abs)        000000
__CFG_BORV$0             (abs)        000000
__CFG_CCP2MX$ON          (abs)        000000
__CFG_CP0$OFF            (abs)        000000
__CFG_CP1$OFF            (abs)        000000
__CFG_CP2$OFF            (abs)        000000
__CFG_CP3$OFF            (abs)        000000
__CFG_CPB$OFF            (abs)        000000
__CFG_CPD$OFF            (abs)        000000
__CFG_CPUDIV$OSC1_PLL2   (abs)        000000
__CFG_EBTR0$OFF          (abs)        000000
__CFG_EBTR1$OFF          (abs)        000000
__CFG_EBTR2$OFF          (abs)        000000
__CFG_EBTR3$OFF          (abs)        000000
__CFG_EBTRB$OFF          (abs)        000000
__CFG_FCMEN$OFF          (abs)        000000
__CFG_FOSC$HSPLL_HS      (abs)        000000
__CFG_IESO$OFF           (abs)        000000
__CFG_LPT1OSC$OFF        (abs)        000000
__CFG_LVP$OFF            (abs)        000000
__CFG_MCLRE$OFF          (abs)        000000
__CFG_PBADEN$ON          (abs)        000000
__CFG_PLLDIV$5           (abs)        000000
__CFG_PWRT$OFF           (abs)        000000
__CFG_STVREN$OFF         (abs)        000000
__CFG_USBDIV$2           (abs)        000000
__CFG_VREGEN$OFF         (abs)        000000
__CFG_WDT$OFF            (abs)        000000
__CFG_WDTPS$1            (abs)        000000
__CFG_WRT0$OFF           (abs)        000000
__CFG_WRT1$OFF           (abs)        000000
__CFG_WRT2$OFF           (abs)        000000
__CFG_WRT3$OFF           (abs)        000000
__CFG_WRTB$OFF           (abs)        000000
__CFG_WRTC$OFF           (abs)        000000
__CFG_WRTD$OFF           (abs)        000000
__CFG_XINST$OFF          (abs)        000000
__HRAM                   (abs)        000000
__Habs1                  abs1         000000
__Hbank0                 bank0        000000
__Hbank1                 bank1        000000
__Hbank2                 bank2        000000
__Hbank3                 bank3        000000
__Hbank4                 bank4        000000
__Hbank5                 bank5        000000
__Hbank6                 bank6        000000
__Hbank7                 bank7        000000
__Hbigbss                bigbss       000000
__Hbigdata               bigdata      000000
__Hbigram                bigram       000000
__Hbss                   bss          000000
__HbssCOMRAM             bssCOMRAM    000000
__Hcinit                 cinit        000000
__Hclrtext               clrtext      000000
__Hcomram                comram       000000
__Hconfig                config       30000E
__Hconst                 const        000000
__HcstackCOMRAM          cstackCOMRAM 000000
__Hdata                  data         000000
__Heeprom_data           eeprom_data  000000
__Hfarbss                farbss       000000
__Hfardata               fardata      000000
__Hibigdata              ibigdata     000000
__Hidata                 idata        000000
__Hidloc                 idloc        200008
__Hifardata              ifardata     000000
__Hinit                  init         000012
__Hintcode               intcode      00000E
__Hintcode_body          intcode_body 000000
__Hintcodelo             intcodelo    00000E
__Hintentry              intentry     000000
__Hintret                intret       000000
__Hintsave_regs          intsave_regs 000000
__Hirdata                irdata       000000
__Hmediumconst           mediumconst  000000
__HnvFARRAM              nvFARRAM     000000
__Hnvbit                 nvbit        000000
__Hnvrram                nvrram       000000
__Hparam                 rparam       000000
__Hpowerup               powerup      00000E
__Hram                   ram          000000
__Hramtop                ramtop       000800
__Hrbit                  rbit         000000
__Hrbss                  rbss         000000
__Hrdata                 rdata        000000
__Hreset_vec             reset_vec    000004
__Hrparam                rparam       000000
__Hsfr                   sfr          000000
__Hsmallconst            smallconst   000808
__Hspace_0               (abs)        30000E
__Hspace_1               (abs)        000037
__Hspace_2               (abs)        000000
__Hstack                 stack        000000
__Hstruct                struct       000000
__Htemp                  temp         000037
__Htext                  text         000000
__Htext0                 text0        000000
__Htext1                 text1        000000
__Htext10                text10       000000
__Htext11                text11       000000
__Htext12                text12       000000
__Htext14                text14       000000
__Htext15                text15       000000
__Htext2                 text2        000000
__Htext3                 text3        000000
__Htext4                 text4        000000
__Htext5                 text5        000000
__Htext6                 text6        000000
__Htext7                 text7        000000
__Htext8                 text8        000000
__Htext9                 text9        000000
__LRAM                   (abs)        000001
__Labs1                  abs1         000000
__Lbank0                 bank0        000000
__Lbank1                 bank1        000000
__Lbank2                 bank2        000000
__Lbank3                 bank3        000000
__Lbank4                 bank4        000000
__Lbank5                 bank5        000000
__Lbank6                 bank6        000000
__Lbank7                 bank7        000000
__Lbigbss                bigbss       000000
__Lbigdata               bigdata      000000
__Lbigram                bigram       000000
__Lbss                   bss          000000
__LbssCOMRAM             bssCOMRAM    000000
__Lcinit                 cinit        000000
__Lclrtext               clrtext      000000
__Lcomram                comram       000000
__Lconfig                config       300000
__Lconst                 const        000000
__LcstackCOMRAM          cstackCOMRAM 000000
__Ldata                  data         000000
__Leeprom_data           eeprom_data  000000
__Lfarbss                farbss       000000
__Lfardata               fardata      000000
__Libigdata              ibigdata     000000
__Lidata                 idata        000000
__Lidloc                 idloc        200000
__Lifardata              ifardata     000000
__Linit                  init         00000E
__Lintcode               intcode      000008
__Lintcode_body          intcode_body 000000
__Lintcodelo             intcodelo    00000E
__Lintentry              intentry     000000
__Lintret                intret       000000
__Lintsave_regs          intsave_regs 000000
__Lirdata                irdata       000000
__Lmediumconst           mediumconst  000000
__LnvFARRAM              nvFARRAM     000000
__Lnvbit                 nvbit        000000
__Lnvrram                nvrram       000000
__Lparam                 rparam       000000
__Lpowerup               powerup      00000E
__Lram                   ram          000000
__Lramtop                ramtop       000800
__Lrbit                  rbit         000000
__Lrbss                  rbss         000000
__Lrdata                 rdata        000000
__Lreset_vec             reset_vec    000000
__Lrparam                rparam       000000
__Lsfr                   sfr          000000
__Lsmallconst            smallconst   000800
__Lspace_0               (abs)        000000
__Lspace_1               (abs)        000000
__Lspace_2               (abs)        000000
__Lstack                 stack        000000
__Lstruct                struct       000000
__Ltemp                  temp         000036
__Ltext                  text         000000
__Ltext0                 text0        000000
__Ltext1                 text1        000000
__Ltext10                text10       000000
__Ltext11                text11       000000
__Ltext12                text12       000000
__Ltext14                text14       000000
__Ltext15                text15       000000
__Ltext2                 text2        000000
__Ltext3                 text3        000000
__Ltext4                 text4        000000
__Ltext5                 text5        000000
__Ltext6                 text6        000000
__Ltext7                 text7        000000
__Ltext8                 text8        000000
__Ltext9                 text9        000000
__S0                     (abs)        30000E
__S1                     (abs)        000037
__S2                     (abs)        000000
___awdiv                 text3        000A16
___awdiv@counter         cstackCOMRAM 00001A
___awdiv@dividend        cstackCOMRAM 000016
___awdiv@divisor         cstackCOMRAM 000018
___awdiv@quotient        cstackCOMRAM 00001C
___awdiv@sign            cstackCOMRAM 00001B
___inthi_sp              stack        000000
___intlo_sp              stack        000000
___param_bank            (abs)        000000
___rparam_used           (abs)        000001
___sp                    stack        000000
__accesstop              (abs)        000060
__activetblptr           (abs)        000002
__end_of_ISR             intcode_body 000A16
__end_of___awdiv         text3        000A9A
__end_of__initialization cinit        000BCE
__end_of_channels        smallconst   000806
__end_of_cnyInterrupt    text15       000AFA
__end_of_initCNY         text12       000B62
__end_of_initInterrupts  text11       000C58
__end_of_initMotors      text10       000B30
__end_of_initTimer       text9        000C52
__end_of_initUI          text8        000C1E
__end_of_loop            text1        000B92
__end_of_main            text0        000BF6
__end_of_setLEDG         text7        000C48
__end_of_setLEDR         text6        000C3A
__end_of_setLEDY         text5        000C2C
__end_of_setLEDs         text4        000C0C
__end_of_setMotors       text2        000978
__end_of_timerInterrupt  text14       000BC2
__initialization         cinit        000BC2
__mediumconst            mediumconst  000000
__pbssCOMRAM             bssCOMRAM    000024
__pcinit                 cinit        000BC2
__pcstackCOMRAM          cstackCOMRAM 000001
__pintcode               intcode      000008
__pintcode_body          intcode_body 000978
__psmallconst            smallconst   000800
__ptext0                 text0        000BDC
__ptext1                 text1        000B62
__ptext10                text10       000AFA
__ptext11                text11       000C52
__ptext12                text12       000B30
__ptext14                text14       000B92
__ptext15                text15       000A9A
__ptext2                 text2        000808
__ptext3                 text3        000A16
__ptext4                 text4        000BF6
__ptext5                 text5        000C1E
__ptext6                 text6        000C2C
__ptext7                 text7        000C3A
__ptext8                 text8        000C0C
__ptext9                 text9        000C48
__ramtop                 ramtop       000800
__size_of_ISR            (abs)        000000
__size_of___awdiv        (abs)        000000
__size_of_cnyInterrupt   (abs)        000000
__size_of_initCNY        (abs)        000000
__size_of_initInterrupts (abs)        000000
__size_of_initMotors     (abs)        000000
__size_of_initTimer      (abs)        000000
__size_of_initUI         (abs)        000000
__size_of_loop           (abs)        000000
__size_of_main           (abs)        000000
__size_of_setLEDG        (abs)        000000
__size_of_setLEDR        (abs)        000000
__size_of_setLEDY        (abs)        000000
__size_of_setLEDs        (abs)        000000
__size_of_setMotors      (abs)        000000
__size_of_timerInterrupt (abs)        000000
__smallconst             smallconst   000800
_actualChannel           bssCOMRAM    000035
_channels                smallconst   000801
_cnyInterrupt            text15       000A9A
_data                    bssCOMRAM    000024
_fractionCounter         bssCOMRAM    000032
_initCNY                 text12       000B30
_initInterrupts          text11       000C52
_initMotors              text10       000AFA
_initTimer               text9        000C48
_initUI                  text8        000C0C
_loop                    text1        000B62
_main                    text0        000BDC
_millisCounter           bssCOMRAM    00002E
_setLEDG                 text7        000C3A
_setLEDR                 text6        000C2C
_setLEDY                 text5        000C1E
_setLEDs                 text4        000BF6
_setMotors               text2        000808
_timerInterrupt          text14       000B92
btemp                    temp         000036
end_of_initialization    cinit        000BCE
int$flags                temp         000036
int_func                 intcode_body 000978
intlevel0                text         000000
intlevel1                text         000000
intlevel2                text         000000
intlevel3                text         000000
loop@status              bssCOMRAM    000034
setLEDG@v                cstackCOMRAM 000016
setLEDR@v                cstackCOMRAM 000016
setLEDY@v                cstackCOMRAM 000016
setLEDs@g                cstackCOMRAM 000018
setLEDs@r                cstackCOMRAM 000019
setLEDs@y                cstackCOMRAM 000017
setMotors@left           cstackCOMRAM 00001E
setMotors@right          cstackCOMRAM 000020
stackhi                  (abs)        0007FF
stacklo                  (abs)        000060
start                    init         00000E
start_initialization     cinit        000BC2
wtemp6                   temp         000037


FUNCTION INFORMATION:

 *************** function _main *****************
 Defined at:
		line 26 in file "main.c"
 Parameters:    Size  Location     Type
		None
 Auto vars:     Size  Location     Type
		None
 Return value:  Size  Location     Type
                  1    wreg      void 
 Registers used:
		wreg, status,2, status,0, tblptrl, tblptrh, tblptru, prodl, prodh, cstack
 Tracked objects:
		On entry : 
		On exit  : 
		Unchanged: 
 Data sizes:     COMRAM   BANK0   BANK1   BANK2   BANK3   BANK4   BANK5   BANK6   BANK7
      Params:         0       0       0       0       0       0       0       0       0
      Locals:         0       0       0       0       0       0       0       0       0
      Temps:          0       0       0       0       0       0       0       0       0
      Totals:         0       0       0       0       0       0       0       0       0
Total ram usage:        0 bytes
 Hardware stack levels required when called:    5
 This function calls:
		_initCNY
		_initInterrupts
		_initMotors
		_initTimer
		_initUI
		_loop
 This function is called by:
		Startup code after reset
 This function uses a non-reentrant model


 *************** function _loop *****************
 Defined at:
		line 12 in file "main.c"
 Parameters:    Size  Location     Type
		None
 Auto vars:     Size  Location     Type
		None
 Return value:  Size  Location     Type
                  1    wreg      void 
 Registers used:
		wreg, status,2, status,0, cstack
 Tracked objects:
		On entry : 
		On exit  : 
		Unchanged: 
 Data sizes:     COMRAM   BANK0   BANK1   BANK2   BANK3   BANK4   BANK5   BANK6   BANK7
      Params:         0       0       0       0       0       0       0       0       0
      Locals:         0       0       0       0       0       0       0       0       0
      Temps:          0       0       0       0       0       0       0       0       0
      Totals:         0       0       0       0       0       0       0       0       0
Total ram usage:        0 bytes
 Hardware stack levels used:    1
 Hardware stack levels required when called:    4
 This function calls:
		_setLEDs
		_setMotors
 This function is called by:
		_main
 This function uses a non-reentrant model


 *************** function _setMotors *****************
 Defined at:
		line 34 in file "motors.c"
 Parameters:    Size  Location     Type
  left            2   29[COMRAM] int 
  right           2   31[COMRAM] int 
 Auto vars:     Size  Location     Type
		None
 Return value:  Size  Location     Type
                  1    wreg      void 
 Registers used:
		wreg, status,2, status,0, cstack
 Tracked objects:
		On entry : 
		On exit  : 
		Unchanged: 
 Data sizes:     COMRAM   BANK0   BANK1   BANK2   BANK3   BANK4   BANK5   BANK6   BANK7
      Params:         4       0       0       0       0       0       0       0       0
      Locals:         0       0       0       0       0       0       0       0       0
      Temps:          2       0       0       0       0       0       0       0       0
      Totals:         6       0       0       0       0       0       0       0       0
Total ram usage:        6 bytes
 Hardware stack levels used:    1
 Hardware stack levels required when called:    3
 This function calls:
		___awdiv
 This function is called by:
		_loop
 This function uses a non-reentrant model


 *************** function ___awdiv *****************
 Defined at:
		line 8 in file "C:\Program Files (x86)\Microchip\xc8\v1.45\sources\common\awdiv.c"
 Parameters:    Size  Location     Type
  dividend        2   21[COMRAM] int 
  divisor         2   23[COMRAM] int 
 Auto vars:     Size  Location     Type
  quotient        2   27[COMRAM] int 
  sign            1   26[COMRAM] unsigned char 
  counter         1   25[COMRAM] unsigned char 
 Return value:  Size  Location     Type
                  2   21[COMRAM] int 
 Registers used:
		wreg, status,2, status,0
 Tracked objects:
		On entry : 
		On exit  : 
		Unchanged: 
 Data sizes:     COMRAM   BANK0   BANK1   BANK2   BANK3   BANK4   BANK5   BANK6   BANK7
      Params:         4       0       0       0       0       0       0       0       0
      Locals:         4       0       0       0       0       0       0       0       0
      Temps:          0       0       0       0       0       0       0       0       0
      Totals:         8       0       0       0       0       0       0       0       0
Total ram usage:        8 bytes
 Hardware stack levels used:    1
 Hardware stack levels required when called:    2
 This function calls:
		Nothing
 This function is called by:
		_setMotors
 This function uses a non-reentrant model


 *************** function _setLEDs *****************
 Defined at:
		line 32 in file "ui.c"
 Parameters:    Size  Location     Type
  r               1    wreg     unsigned char 
  y               1   22[COMRAM] unsigned char 
  g               1   23[COMRAM] unsigned char 
 Auto vars:     Size  Location     Type
  r               1   24[COMRAM] unsigned char 
 Return value:  Size  Location     Type
                  1    wreg      void 
 Registers used:
		wreg, status,2, cstack
 Tracked objects:
		On entry : 
		On exit  : 
		Unchanged: 
 Data sizes:     COMRAM   BANK0   BANK1   BANK2   BANK3   BANK4   BANK5   BANK6   BANK7
      Params:         2       0       0       0       0       0       0       0       0
      Locals:         1       0       0       0       0       0       0       0       0
      Temps:          0       0       0       0       0       0       0       0       0
      Totals:         3       0       0       0       0       0       0       0       0
Total ram usage:        3 bytes
 Hardware stack levels used:    1
 Hardware stack levels required when called:    3
 This function calls:
		_setLEDG
		_setLEDR
		_setLEDY
 This function is called by:
		_loop
 This function uses a non-reentrant model


 *************** function _setLEDY *****************
 Defined at:
		line 54 in file "ui.c"
 Parameters:    Size  Location     Type
  v               1    wreg     unsigned char 
 Auto vars:     Size  Location     Type
  v               1   21[COMRAM] unsigned char 
 Return value:  Size  Location     Type
                  1    wreg      void 
 Registers used:
		wreg
 Tracked objects:
		On entry : 
		On exit  : 
		Unchanged: 
 Data sizes:     COMRAM   BANK0   BANK1   BANK2   BANK3   BANK4   BANK5   BANK6   BANK7
      Params:         0       0       0       0       0       0       0       0       0
      Locals:         1       0       0       0       0       0       0       0       0
      Temps:          0       0       0       0       0       0       0       0       0
      Totals:         1       0       0       0       0       0       0       0       0
Total ram usage:        1 bytes
 Hardware stack levels used:    1
 Hardware stack levels required when called:    2
 This function calls:
		Nothing
 This function is called by:
		_setLEDs
 This function uses a non-reentrant model


 *************** function _setLEDR *****************
 Defined at:
		line 50 in file "ui.c"
 Parameters:    Size  Location     Type
  v               1    wreg     unsigned char 
 Auto vars:     Size  Location     Type
  v               1   21[COMRAM] unsigned char 
 Return value:  Size  Location     Type
                  1    wreg      void 
 Registers used:
		wreg
 Tracked objects:
		On entry : 
		On exit  : 
		Unchanged: 
 Data sizes:     COMRAM   BANK0   BANK1   BANK2   BANK3   BANK4   BANK5   BANK6   BANK7
      Params:         0       0       0       0       0       0       0       0       0
      Locals:         1       0       0       0       0       0       0       0       0
      Temps:          0       0       0       0       0       0       0       0       0
      Totals:         1       0       0       0       0       0       0       0       0
Total ram usage:        1 bytes
 Hardware stack levels used:    1
 Hardware stack levels required when called:    2
 This function calls:
		Nothing
 This function is called by:
		_setLEDs
 This function uses a non-reentrant model


 *************** function _setLEDG *****************
 Defined at:
		line 58 in file "ui.c"
 Parameters:    Size  Location     Type
  v               1    wreg     unsigned char 
 Auto vars:     Size  Location     Type
  v               1   21[COMRAM] unsigned char 
 Return value:  Size  Location     Type
                  1    wreg      void 
 Registers used:
		wreg
 Tracked objects:
		On entry : 
		On exit  : 
		Unchanged: 
 Data sizes:     COMRAM   BANK0   BANK1   BANK2   BANK3   BANK4   BANK5   BANK6   BANK7
      Params:         0       0       0       0       0       0       0       0       0
      Locals:         1       0       0       0       0       0       0       0       0
      Temps:          0       0       0       0       0       0       0       0       0
      Totals:         1       0       0       0       0       0       0       0       0
Total ram usage:        1 bytes
 Hardware stack levels used:    1
 Hardware stack levels required when called:    2
 This function calls:
		Nothing
 This function is called by:
		_setLEDs
 This function uses a non-reentrant model


 *************** function _initUI *****************
 Defined at:
		line 18 in file "ui.c"
 Parameters:    Size  Location     Type
		None
 Auto vars:     Size  Location     Type
		None
 Return value:  Size  Location     Type
                  1    wreg      void 
 Registers used:
		None
 Tracked objects:
		On entry : 
		On exit  : 
		Unchanged: 
 Data sizes:     COMRAM   BANK0   BANK1   BANK2   BANK3   BANK4   BANK5   BANK6   BANK7
      Params:         0       0       0       0       0       0       0       0       0
      Locals:         0       0       0       0       0       0       0       0       0
      Temps:          0       0       0       0       0       0       0       0       0
      Totals:         0       0       0       0       0       0       0       0       0
Total ram usage:        0 bytes
 Hardware stack levels used:    1
 Hardware stack levels required when called:    2
 This function calls:
		Nothing
 This function is called by:
		_main
 This function uses a non-reentrant model


 *************** function _initTimer *****************
 Defined at:
		line 21 in file "timer.c"
 Parameters:    Size  Location     Type
		None
 Auto vars:     Size  Location     Type
		None
 Return value:  Size  Location     Type
                  1    wreg      void 
 Registers used:
		wreg, status,2
 Tracked objects:
		On entry : 
		On exit  : 
		Unchanged: 
 Data sizes:     COMRAM   BANK0   BANK1   BANK2   BANK3   BANK4   BANK5   BANK6   BANK7
      Params:         0       0       0       0       0       0       0       0       0
      Locals:         0       0       0       0       0       0       0       0       0
      Temps:          0       0       0       0       0       0       0       0       0
      Totals:         0       0       0       0       0       0       0       0       0
Total ram usage:        0 bytes
 Hardware stack levels used:    1
 Hardware stack levels required when called:    2
 This function calls:
		Nothing
 This function is called by:
		_main
 This function uses a non-reentrant model


 *************** function _initMotors *****************
 Defined at:
		line 14 in file "motors.c"
 Parameters:    Size  Location     Type
		None
 Auto vars:     Size  Location     Type
		None
 Return value:  Size  Location     Type
                  1    wreg      void 
 Registers used:
		wreg, status,2
 Tracked objects:
		On entry : 
		On exit  : 
		Unchanged: 
 Data sizes:     COMRAM   BANK0   BANK1   BANK2   BANK3   BANK4   BANK5   BANK6   BANK7
      Params:         0       0       0       0       0       0       0       0       0
      Locals:         0       0       0       0       0       0       0       0       0
      Temps:          0       0       0       0       0       0       0       0       0
      Totals:         0       0       0       0       0       0       0       0       0
Total ram usage:        0 bytes
 Hardware stack levels used:    1
 Hardware stack levels required when called:    2
 This function calls:
		Nothing
 This function is called by:
		_main
 This function uses a non-reentrant model


 *************** function _initInterrupts *****************
 Defined at:
		line 22 in file "main.c"
 Parameters:    Size  Location     Type
		None
 Auto vars:     Size  Location     Type
		None
 Return value:  Size  Location     Type
                  1    wreg      void 
 Registers used:
		None
 Tracked objects:
		On entry : 
		On exit  : 
		Unchanged: 
 Data sizes:     COMRAM   BANK0   BANK1   BANK2   BANK3   BANK4   BANK5   BANK6   BANK7
      Params:         0       0       0       0       0       0       0       0       0
      Locals:         0       0       0       0       0       0       0       0       0
      Temps:          0       0       0       0       0       0       0       0       0
      Totals:         0       0       0       0       0       0       0       0       0
Total ram usage:        0 bytes
 Hardware stack levels used:    1
 Hardware stack levels required when called:    2
 This function calls:
		Nothing
 This function is called by:
		_main
 This function uses a non-reentrant model


 *************** function _initCNY *****************
 Defined at:
		line 8 in file "CNY.c"
 Parameters:    Size  Location     Type
		None
 Auto vars:     Size  Location     Type
		None
 Return value:  Size  Location     Type
                  1    wreg      void 
 Registers used:
		wreg, status,2, status,0, tblptrl, tblptrh, tblptru, prodl, prodh
 Tracked objects:
		On entry : 
		On exit  : 
		Unchanged: 
 Data sizes:     COMRAM   BANK0   BANK1   BANK2   BANK3   BANK4   BANK5   BANK6   BANK7
      Params:         0       0       0       0       0       0       0       0       0
      Locals:         0       0       0       0       0       0       0       0       0
      Temps:          1       0       0       0       0       0       0       0       0
      Totals:         1       0       0       0       0       0       0       0       0
Total ram usage:        1 bytes
 Hardware stack levels used:    1
 Hardware stack levels required when called:    2
 This function calls:
		Nothing
 This function is called by:
		_main
 This function uses a non-reentrant model


 *************** function _ISR *****************
 Defined at:
		line 34 in file "main.c"
 Parameters:    Size  Location     Type
		None
 Auto vars:     Size  Location     Type
		None
 Return value:  Size  Location     Type
                  1    wreg      void 
 Registers used:
		wreg, fsr2l, fsr2h, status,2, status,0, tblptrl, tblptrh, tblptru, prodl, prodh, cstack
 Tracked objects:
		On entry : 
		On exit  : 
		Unchanged: 
 Data sizes:     COMRAM   BANK0   BANK1   BANK2   BANK3   BANK4   BANK5   BANK6   BANK7
      Params:         0       0       0       0       0       0       0       0       0
      Locals:         0       0       0       0       0       0       0       0       0
      Temps:         18       0       0       0       0       0       0       0       0
      Totals:        18       0       0       0       0       0       0       0       0
Total ram usage:       18 bytes
 Hardware stack levels used:    1
 Hardware stack levels required when called:    1
 This function calls:
		_cnyInterrupt
		_timerInterrupt
 This function is called by:
		Interrupt level 2
 This function uses a non-reentrant model


 *************** function _timerInterrupt *****************
 Defined at:
		line 11 in file "timer.c"
 Parameters:    Size  Location     Type
		None
 Auto vars:     Size  Location     Type
		None
 Return value:  Size  Location     Type
                  1    wreg      void 
 Registers used:
		wreg, status,2, status,0
 Tracked objects:
		On entry : 
		On exit  : 
		Unchanged: 
 Data sizes:     COMRAM   BANK0   BANK1   BANK2   BANK3   BANK4   BANK5   BANK6   BANK7
      Params:         0       0       0       0       0       0       0       0       0
      Locals:         0       0       0       0       0       0       0       0       0
      Temps:          0       0       0       0       0       0       0       0       0
      Totals:         0       0       0       0       0       0       0       0       0
Total ram usage:        0 bytes
 Hardware stack levels used:    1
 This function calls:
		Nothing
 This function is called by:
		_ISR
 This function uses a non-reentrant model


 *************** function _cnyInterrupt *****************
 Defined at:
		line 18 in file "CNY.c"
 Parameters:    Size  Location     Type
		None
 Auto vars:     Size  Location     Type
		None
 Return value:  Size  Location     Type
                  1    wreg      void 
 Registers used:
		wreg, fsr2l, fsr2h, status,2, status,0, tblptrl, tblptrh, tblptru, prodl, prodh
 Tracked objects:
		On entry : 
		On exit  : 
		Unchanged: 
 Data sizes:     COMRAM   BANK0   BANK1   BANK2   BANK3   BANK4   BANK5   BANK6   BANK7
      Params:         0       0       0       0       0       0       0       0       0
      Locals:         0       0       0       0       0       0       0       0       0
      Temps:          3       0       0       0       0       0       0       0       0
      Totals:         3       0       0       0       0       0       0       0       0
Total ram usage:        3 bytes
 Hardware stack levels used:    1
 This function calls:
		Nothing
 This function is called by:
		_ISR
 This function uses a non-reentrant model



MODULE INFORMATION

Module		Function		Class		Link	Load	Size
motors.c
		_initMotors    		CODE           	0AFA	0000	55
		_setMotors     		CODE           	0808	0000	369

motors.c estimated size: 424

timer.c
		_initTimer     		CODE           	0C48	0000	11
		_timerInterrupt		CODE           	0B92	0000	49

timer.c estimated size: 60

ui.c
		_setLEDG       		CODE           	0C3A	0000	15
		_setLEDs       		CODE           	0BF6	0000	23
		_setLEDY       		CODE           	0C1E	0000	15
		_setLEDR       		CODE           	0C2C	0000	15
		_initUI        		CODE           	0C0C	0000	19

ui.c estimated size: 87

shared
		__initialization		CODE           	0BC2	0000	13
		_channels      		SMALLCONST     	0801	0000	6

shared estimated size: 19

CNY.c
		_cnyInterrupt  		CODE           	0A9A	0000	97
		_initCNY       		CODE           	0B30	0000	51

CNY.c estimated size: 148

C:\Program Files (x86)\Microchip\xc8\v1.45\sources\common\awdiv.c
		___awdiv       		CODE           	0A16	0000	133

C:\Program Files (x86)\Microchip\xc8\v1.45\sources\common\awdiv.c estimated size: 133

main.c
		_loop          		CODE           	0B62	0000	49
		_ISR           		CODE           	0008	0000	165
		_main          		CODE           	0BDC	0000	27
		_initInterrupts		CODE           	0C52	0000	7

main.c estimated size: 248

